{"level":"info","message":"POST /api/v1/auth/signin","timestamp":"2025-05-16T20:25:40.212Z"}
{"level":"info","message":"POST /api/v1/auth/signin","timestamp":"2025-05-16T20:26:20.689Z"}
{"level":"info","message":"POST /api/v1/auth/signup","timestamp":"2025-05-16T20:27:38.436Z"}
{"level":"info","message":"POST /api/v1/auth/signin","timestamp":"2025-05-16T20:28:51.195Z"}
{"level":"info","message":"GET /api/v1/chats/admin","timestamp":"2025-05-16T20:31:59.252Z"}
{"level":"info","message":"POST /api/v1/auth/signin","timestamp":"2025-05-16T20:32:10.427Z"}
{"level":"info","message":"GET /api/v1/chats/admin","timestamp":"2025-05-16T20:32:25.050Z"}
{"level":"info","message":"POST /api/v1/auth/signin","timestamp":"2025-05-16T20:33:27.295Z"}
{"level":"info","message":"GET /api/v1/chats","timestamp":"2025-05-16T20:33:37.338Z"}
{"level":"info","message":"GET /api/v1/chats/","timestamp":"2025-05-16T20:35:27.271Z"}
{"level":"info","message":"POST /api/v1/auth/signin","timestamp":"2025-05-16T20:37:37.576Z"}
{"level":"info","message":"POST /api/v1/chats","timestamp":"2025-05-16T20:37:54.014Z"}
{"level":"info","message":"GET /api/v1/chats/6827a2223b6e60a0e9b322ae","timestamp":"2025-05-16T20:38:48.434Z"}
{"level":"info","message":"POST /api/v1/auth/signin","timestamp":"2025-05-16T20:39:41.459Z"}
{"level":"info","message":"GET /api/v1/chats/admin","timestamp":"2025-05-16T20:39:47.186Z"}
{"level":"info","message":"GET /api/v1/chats/6827a2223b6e60a0e9b322ae","timestamp":"2025-05-16T20:40:01.948Z"}
{"level":"info","message":"POST /api/v1/auth/signin","timestamp":"2025-05-16T20:40:42.259Z"}
{"level":"info","message":"GET /api/v1/chats/6827a2223b6e60a0e9b322ae","timestamp":"2025-05-16T20:40:47.980Z"}
{"level":"info","message":"GET /api/v1/messages/chat/6827a2223b6e60a0e9b322ae","timestamp":"2025-05-16T20:43:36.933Z"}
{"level":"info","message":"POST /api/v1/auth/signin","timestamp":"2025-05-16T20:43:41.250Z"}
{"level":"info","message":"GET /api/v1/messages/chat/6827a2223b6e60a0e9b322ae","timestamp":"2025-05-16T20:43:46.434Z"}
{"level":"info","message":"GET /api/v1/messages/chat/6827a2223b6e60a0e9b322ae","timestamp":"2025-05-16T20:44:18.701Z"}
{"level":"info","message":"POST /api/v1/auth/signin","timestamp":"2025-05-16T20:44:26.459Z"}
{"level":"info","message":"GET /api/v1/messages/chat/6827a2223b6e60a0e9b322ae","timestamp":"2025-05-16T20:44:30.806Z"}
{"level":"info","message":"GET /api/v1/messages/chat/6827a2223b6e60a0e9b322ae?page=2&limit=10","timestamp":"2025-05-16T20:46:22.179Z"}
{"level":"info","message":"POST /api/v1/auth/signin","timestamp":"2025-05-16T20:46:26.123Z"}
{"level":"info","message":"POST /api/v1/auth/signin","timestamp":"2025-05-16T20:46:33.151Z"}
{"level":"info","message":"GET /api/v1/messages/chat/6827a2223b6e60a0e9b322ae?page=2&limit=10","timestamp":"2025-05-16T20:46:47.429Z"}
{"level":"info","message":"POST /api/v1/auth/signin","timestamp":"2025-05-16T20:47:37.040Z"}
{"level":"info","message":"POST /api/v1/message/chat/6827a2223b6e60a0e9b322ae","timestamp":"2025-05-16T20:49:42.618Z"}
{"level":"info","message":"POST /api/v1/messages/chat/6827a2223b6e60a0e9b322ae","timestamp":"2025-05-16T20:50:10.936Z"}
{"level":"info","message":"POST /api/v1/messages/chat/6827a2223b6e60a0e9b322ae","timestamp":"2025-05-16T20:59:42.834Z"}
{"level":"info","message":"POST /api/v1/auth/signin","timestamp":"2025-05-16T21:01:05.023Z"}
{"level":"info","message":"POST /api/v1/messages/chat/6827a2223b6e60a0e9b322ae","timestamp":"2025-05-16T21:01:36.365Z"}
{"level":"info","message":"POST /api/v1/messages/chat/6827a2223b6e60a0e9b322ae","timestamp":"2025-05-16T21:02:33.591Z"}
{"level":"info","message":"POST /api/v1/messages/chat/6827a2223b6e60a0e9b322ae","timestamp":"2025-05-16T21:06:48.986Z"}
{"level":"info","message":"POST /api/v1/messages/chat/6827a2223b6e60a0e9b322ae","timestamp":"2025-05-16T21:08:47.175Z"}
{"level":"info","message":"POST /api/v1/auth/signin","timestamp":"2025-05-16T21:09:01.579Z"}
{"level":"info","message":"POST /api/v1/messages/chat/6827a2223b6e60a0e9b322ae","timestamp":"2025-05-16T21:09:10.684Z"}
{"level":"info","message":"POST /api/v1/auth/signin","timestamp":"2025-05-16T21:09:27.058Z"}
{"level":"info","message":"POST /api/v1/messages/chat/6827a2223b6e60a0e9b322ae","timestamp":"2025-05-16T21:09:32.863Z"}
{"level":"info","message":"POST /api/v1/messages/chat/6827a2223b6e60a0e9b322ae","timestamp":"2025-05-16T21:09:41.745Z"}
{"level":"info","message":"POST /api/v1/auth/signin","timestamp":"2025-05-16T21:10:19.325Z"}
{"level":"info","message":"POST /api/v1/messages/chat/6827a2223b6e60a0e9b322ae","timestamp":"2025-05-16T21:10:26.054Z"}
{"level":"info","message":"POST /api/v1/auth/signin","timestamp":"2025-05-17T06:42:14.725Z"}
{"level":"info","message":"POST /api/v1/auth/signout","timestamp":"2025-05-17T06:42:59.990Z"}
{"level":"info","message":"POST /api/v1/auth/signin","timestamp":"2025-05-17T06:43:07.677Z"}
{"level":"info","message":"POST /api/v1/tours","timestamp":"2025-05-17T06:47:35.367Z"}
{"level":"info","message":"POST /api/v1/tours","timestamp":"2025-05-17T06:50:59.180Z"}
{"level":"info","message":"GET /api/v1/tours","timestamp":"2025-05-17T06:52:56.072Z"}
{"level":"info","message":"GET /api/v1/tours/featured","timestamp":"2025-05-17T06:53:50.396Z"}
{"level":"info","message":"GET /api/v1/tours/search?slug=explore-the-himalayas","timestamp":"2025-05-17T06:56:17.436Z"}
{"level":"info","message":"GET /api/v1/tours/search?title=Explore%20the%20Himalayas","timestamp":"2025-05-17T06:57:09.197Z"}
{"level":"info","message":"GET /api/v1/tours/search?title=Explore%20the%20Himalayas","timestamp":"2025-05-17T07:00:08.319Z"}
{"level":"info","message":"GET /api/v1/tours/search?title=Explore%20the%20Himalayas","timestamp":"2025-05-17T07:01:51.695Z"}
{"level":"info","message":"GET /api/v1/tours/search?q=Explore%20the%20Himalayas","timestamp":"2025-05-17T07:04:21.601Z"}
{"level":"info","message":"GET /api/v1/tours/search?q=explore-the-himalayas","timestamp":"2025-05-17T07:04:42.106Z"}
{"level":"info","message":"GET /api/v1/tours/search?q=explore-the-himalayas","timestamp":"2025-05-17T07:04:56.257Z"}
{"level":"info","message":"GET /api/v1/tours/search?q=explore-the-himalayas&page=2&limit=20","timestamp":"2025-05-17T07:05:29.847Z"}
{"level":"info","message":"GET /api/v1/tours/search?q=explore-the-himalayas&page=1&limit=10","timestamp":"2025-05-17T07:05:45.921Z"}
{"level":"info","message":"GET /api/v1/tours/682831d376a07d533445f9bf","timestamp":"2025-05-17T07:07:23.342Z"}
{"level":"info","message":"PUT /api/v1/tours/682831d376a07d533445f9bf","timestamp":"2025-05-17T07:11:18.736Z"}
{"level":"info","message":"PUT /api/v1/tours/682831d376a07d533445f9bf/images","timestamp":"2025-05-17T07:15:37.962Z"}
{"level":"info","message":"PUT /api/v1/tours/682831d376a07d533445f9bf/images","timestamp":"2025-05-17T07:16:48.320Z"}
{"level":"info","message":"PUT /api/v1/tours/682831d376a07d533445f9bf/images","timestamp":"2025-05-17T07:17:31.290Z"}
{"level":"info","message":"PUT /api/v1/tours/682831d376a07d533445f9bf/images","timestamp":"2025-05-17T07:18:08.288Z"}
{"level":"info","message":"PUT /api/v1/tours/682831d376a07d533445f9bf/images","timestamp":"2025-05-17T07:18:54.861Z"}
{"level":"info","message":"PUT /api/v1/tours/682831d376a07d533445f9bf/images","timestamp":"2025-05-17T07:21:24.444Z"}
{"level":"info","message":"PUT /api/v1/tours/682831d376a07d533445f9bf/images","timestamp":"2025-05-17T07:21:42.623Z"}
{"level":"info","message":"DELETE /api/v1/tours/682831d376a07d533445f9bf","timestamp":"2025-05-17T07:23:49.049Z"}
{"level":"info","message":"POST /api/v1/tours","timestamp":"2025-05-17T07:24:17.357Z"}
{"level":"info","message":"POST /api/v1/auth/signout","timestamp":"2025-05-17T07:45:39.379Z"}
{"level":"info","message":"POST /api/v1","timestamp":"2025-05-17T07:48:33.849Z"}
{"level":"info","message":"POST /api/v1/blogs","timestamp":"2025-05-17T07:48:46.576Z"}
{"level":"info","message":"POST /api/v1/auth/signin","timestamp":"2025-05-17T07:48:52.476Z"}
{"level":"info","message":"POST /api/v1/blogs","timestamp":"2025-05-17T07:48:58.973Z"}
{"level":"info","message":"POST /api/v1/blogs","timestamp":"2025-05-17T07:49:56.752Z"}
{"level":"info","message":"GET /api/v1/blogs","timestamp":"2025-05-17T07:51:16.016Z"}
{"level":"info","message":"GET /api/v1/blogs/search","timestamp":"2025-05-17T07:51:56.078Z"}
{"level":"info","message":"GET /api/v1/blogs/search?q=My%20First%20Blog&page=1&limit=10","timestamp":"2025-05-17T07:52:56.818Z"}
{"level":"info","message":"GET /api/v1/blogs/search?q=my-first-blog&page=1&limit=10","timestamp":"2025-05-17T07:54:52.116Z"}
{"level":"info","message":"GET /api/v1/blogs/tag/travel","timestamp":"2025-05-17T07:56:16.816Z"}
{"level":"info","message":"GET /api/v1/blogs/tags/summer","timestamp":"2025-05-17T07:56:44.497Z"}
{"level":"info","message":"GET /api/v1/blogs/my-first-blog","timestamp":"2025-05-17T07:58:33.590Z"}
{"level":"info","message":"GET /api/v1/blogs/68283fa80b9bd11c13d5c7c2","timestamp":"2025-05-17T07:58:45.327Z"}
{"level":"info","message":"PUT /api/v1/blogs/68283fa80b9bd11c13d5c7c2","timestamp":"2025-05-17T08:01:07.632Z"}
{"level":"info","message":"PUT /api/v1/blogs/68283fa80b9bd11c13d5c7c2","timestamp":"2025-05-17T08:04:09.658Z"}
{"level":"info","message":"PATCH /api/v1/blogs/68283fa80b9bd11c13d5c7c2/image","timestamp":"2025-05-17T08:05:50.530Z"}
{"level":"info","message":"PATCH /api/v1/blogs/68283fa80b9bd11c13d5c7c2/image","timestamp":"2025-05-17T08:06:28.041Z"}
{"level":"info","message":"DELETE /api/v1/blogs/68283fa80b9bd11c13d5c7c2","timestamp":"2025-05-17T08:07:49.900Z"}
{"level":"info","message":"POST /api/v1/blogs","timestamp":"2025-05-17T08:08:50.920Z"}
{"level":"info","message":"POST /api/v1/auth/signout","timestamp":"2025-05-17T08:09:31.143Z"}
{"level":"info","message":"POST /api/v1/auth/signin","timestamp":"2025-05-17T08:34:01.826Z"}
{"level":"info","message":"POST /api/v1/reviews","timestamp":"2025-05-17T09:14:31.389Z"}
{"level":"info","message":"GET /api/v1/reviews/tour/682839a1dbd1b56eac110054","timestamp":"2025-05-17T09:17:55.414Z"}
{"level":"info","message":"POST /api/v1/reviews","timestamp":"2025-05-17T09:18:35.482Z"}
{"level":"info","message":"GET /api/v1/reviews/tour/682839a1dbd1b56eac110054","timestamp":"2025-05-17T09:18:54.559Z"}
{"level":"info","message":"GET /api/v1/reviews/6828546b55f4ba83b3b43b68","timestamp":"2025-05-17T09:21:23.702Z"}
{"level":"info","message":"PUT /api/v1/reviews/6828546b55f4ba83b3b43b68","timestamp":"2025-05-17T09:23:26.382Z"}
{"level":"info","message":"DELETE /api/v1/reviews/6828546b55f4ba83b3b43b68","timestamp":"2025-05-17T09:24:42.146Z"}
{"level":"info","message":"POST /api/v1/reviews","timestamp":"2025-05-17T09:24:55.822Z"}
{"level":"info","message":"POST /api/v1/comments","timestamp":"2025-05-17T09:32:48.136Z"}
{"level":"info","message":"POST /api/v1/comments","timestamp":"2025-05-17T09:32:58.274Z"}
{"level":"info","message":"GET /api/v1/comments/blog/682844166c85f2e8670bc250","timestamp":"2025-05-17T09:35:09.487Z"}
{"level":"info","message":"GET /api/v1/comments/682857ca55f4ba83b3b43b85","timestamp":"2025-05-17T09:36:19.302Z"}
{"level":"info","message":"POST /api/v1/comments/682857ca55f4ba83b3b43b85/like","timestamp":"2025-05-17T09:37:58.242Z"}
{"level":"info","message":"GET /api/v1/comments/blog/682844166c85f2e8670bc250","timestamp":"2025-05-17T09:38:11.183Z"}
{"level":"info","message":"PATCH /api/v1/comments/682857ca55f4ba83b3b43b85","timestamp":"2025-05-17T09:40:00.024Z"}
{"level":"info","message":"DELETE /api/v1/comments/682857ca55f4ba83b3b43b85","timestamp":"2025-05-17T09:41:03.996Z"}
{"level":"info","message":"POST /api/v1/comments","timestamp":"2025-05-17T09:41:15.451Z"}
{"level":"info","message":"POST /api/v1/comments/682859bb28b76dde4e76e491/like","timestamp":"2025-05-17T09:41:36.673Z"}
{"level":"info","message":"POST /api/v1/comments/682859bb28b76dde4e76e491/like","timestamp":"2025-05-17T09:41:42.920Z"}
{"level":"info","message":"GET /api/v1/comments/682857ca55f4ba83b3b43b85","timestamp":"2025-05-17T09:41:50.508Z"}
{"level":"info","message":"GET /api/v1/comments/blog/682859bb28b76dde4e76e491","timestamp":"2025-05-17T09:43:27.486Z"}
{"level":"info","message":"GET /api/v1/comments/blog/682844166c85f2e8670bc250","timestamp":"2025-05-17T09:43:58.662Z"}
{"level":"info","message":"GET /api/v1/comments/682859bb28b76dde4e76e491","timestamp":"2025-05-17T09:44:17.372Z"}
